// Jest Snapshot v1, https://goo.gl/fbAQLP

exports[`NotFound it at renders and matches snapshot 1`] = `
<div>
  <div>
    Page Not Found
  </div>
</div>
`;
