// Jest Snapshot v1, https://goo.gl/fbAQLP

exports[`ProductFamily it at renders and matches snapshot 1`] = `
<div>
  <div>
    (
    3
    )
     
    -I-
     
    bar
  </div>
</div>
`;
